{
  "version": "1.5.0",
  "plugins_used": [
    {
      "name": "ArtifactoryDetector"
    },
    {
      "name": "AWSKeyDetector"
    },
    {
      "name": "AzureStorageKeyDetector"
    },
    {
      "name": "Base64HighEntropyString",
      "limit": 4.5
    },
    {
      "name": "BasicAuthDetector"
    },
    {
      "name": "CloudantDetector"
    },
    {
      "name": "DiscordBotTokenDetector"
    },
    {
      "name": "GitHubTokenDetector"
    },
    {
      "name": "GitLabTokenDetector"
    },
    {
      "name": "HexHighEntropyString",
      "limit": 3.0
    },
    {
      "name": "IbmCloudIamDetector"
    },
    {
      "name": "IbmCosHmacDetector"
    },
    {
      "name": "IPPublicDetector"
    },
    {
      "name": "JwtTokenDetector"
    },
    {
      "name": "KeywordDetector",
      "keyword_exclude": ""
    },
    {
      "name": "MailchimpDetector"
    },
    {
      "name": "NpmDetector"
    },
    {
      "name": "OpenAIDetector"
    },
    {
      "name": "PrivateKeyDetector"
    },
    {
      "name": "PypiTokenDetector"
    },
    {
      "name": "SendGridDetector"
    },
    {
      "name": "SlackDetector"
    },
    {
      "name": "SoftlayerDetector"
    },
    {
      "name": "SquareOAuthDetector"
    },
    {
      "name": "StripeDetector"
    },
    {
      "name": "TelegramBotTokenDetector"
    },
    {
      "name": "TwilioKeyDetector"
    }
  ],
  "filters_used": [
    {
      "path": "detect_secrets.filters.allowlist.is_line_allowlisted"
    },
    {
      "path": "detect_secrets.filters.common.is_baseline_file",
      "filename": ".secrets.baseline"
    },
    {
      "path": "detect_secrets.filters.common.is_ignored_due_to_verification_policies",
      "min_level": 2
    },
    {
      "path": "detect_secrets.filters.heuristic.is_indirect_reference"
    },
    {
      "path": "detect_secrets.filters.heuristic.is_likely_id_string"
    },
    {
      "path": "detect_secrets.filters.heuristic.is_lock_file"
    },
    {
      "path": "detect_secrets.filters.heuristic.is_not_alphanumeric_string"
    },
    {
      "path": "detect_secrets.filters.heuristic.is_potential_uuid"
    },
    {
      "path": "detect_secrets.filters.heuristic.is_prefixed_with_dollar_sign"
    },
    {
      "path": "detect_secrets.filters.heuristic.is_sequential_string"
    },
    {
      "path": "detect_secrets.filters.heuristic.is_swagger_file"
    },
    {
      "path": "detect_secrets.filters.heuristic.is_templated_secret"
    }
  ],
  "results": {
    ".claude/commands/deploynewfeatures.md": [
      {
        "type": "Basic Auth Credentials",
        "filename": ".claude/commands/deploynewfeatures.md",
        "hashed_secret": "d25bc1537fd3a3a68546d88f7f74157dab0055f0",
        "is_verified": false,
        "line_number": 45
      }
    ],
    ".github/workflows/deploy-backend.yml": [
      {
        "type": "Secret Keyword",
        "filename": ".github/workflows/deploy-backend.yml",
        "hashed_secret": "d25bc1537fd3a3a68546d88f7f74157dab0055f0",
        "is_verified": false,
        "line_number": 29
      },
      {
        "type": "Secret Keyword",
        "filename": ".github/workflows/deploy-backend.yml",
        "hashed_secret": "0c9f10480ff4b865b764f8a3356d88059bc6ad06",
        "is_verified": false,
        "line_number": 48
      },
      {
        "type": "Basic Auth Credentials",
        "filename": ".github/workflows/deploy-backend.yml",
        "hashed_secret": "d25bc1537fd3a3a68546d88f7f74157dab0055f0",
        "is_verified": false,
        "line_number": 53
      }
    ],
    ".github/workflows/pr-checks.yml": [
      {
        "type": "Secret Keyword",
        "filename": ".github/workflows/pr-checks.yml",
        "hashed_secret": "d25bc1537fd3a3a68546d88f7f74157dab0055f0",
        "is_verified": false,
        "line_number": 39
      },
      {
        "type": "Secret Keyword",
        "filename": ".github/workflows/pr-checks.yml",
        "hashed_secret": "0c9f10480ff4b865b764f8a3356d88059bc6ad06",
        "is_verified": false,
        "line_number": 57
      },
      {
        "type": "Basic Auth Credentials",
        "filename": ".github/workflows/pr-checks.yml",
        "hashed_secret": "d25bc1537fd3a3a68546d88f7f74157dab0055f0",
        "is_verified": false,
        "line_number": 64
      }
    ],
    "CLAUDE.md": [
      {
        "type": "Basic Auth Credentials",
        "filename": "CLAUDE.md",
        "hashed_secret": "d25bc1537fd3a3a68546d88f7f74157dab0055f0",
        "is_verified": false,
        "line_number": 121
      }
    ],
    "Instructions/Phase1/01_project_scaffolding.md": [
      {
        "type": "Basic Auth Credentials",
        "filename": "Instructions/Phase1/01_project_scaffolding.md",
        "hashed_secret": "d25bc1537fd3a3a68546d88f7f74157dab0055f0",
        "is_verified": false,
        "line_number": 168
      }
    ],
    "Makefile": [
      {
        "type": "Basic Auth Credentials",
        "filename": "Makefile",
        "hashed_secret": "d25bc1537fd3a3a68546d88f7f74157dab0055f0",
        "is_verified": false,
        "line_number": 41
      }
    ],
    "infra/github_oidc.tf": [
      {
        "type": "Hex High Entropy String",
        "filename": "infra/github_oidc.tf",
        "hashed_secret": "cbc1f47e57ba98544b156d9f7d45542e9475686f",
        "is_verified": false,
        "line_number": 16
      }
    ],
    "infra/terraform.tfvars.example": [
      {
        "type": "Secret Keyword",
        "filename": "infra/terraform.tfvars.example",
        "hashed_secret": "ec3810e10fb78db55ce38b9c18d1c3eb1db739e0",
        "is_verified": false,
        "line_number": 2
      }
    ],
    "scripts/backfill_nyu_cip_outcomes.py": [
      {
        "type": "Secret Keyword",
        "filename": "scripts/backfill_nyu_cip_outcomes.py",
        "hashed_secret": "d4cdb5e4544ee9eceacfb2c10914f595cdce3a92",
        "is_verified": false,
        "line_number": 35
      }
    ],
    "scripts/backfill_nyu_descriptions.py": [
      {
        "type": "Secret Keyword",
        "filename": "scripts/backfill_nyu_descriptions.py",
        "hashed_secret": "d4cdb5e4544ee9eceacfb2c10914f595cdce3a92",
        "is_verified": false,
        "line_number": 31
      }
    ],
    "scripts/backfill_nyu_program_details.py": [
      {
        "type": "Secret Keyword",
        "filename": "scripts/backfill_nyu_program_details.py",
        "hashed_secret": "d4cdb5e4544ee9eceacfb2c10914f595cdce3a92",
        "is_verified": false,
        "line_number": 40
      }
    ],
    "scripts/backfill_nyu_who_its_for.py": [
      {
        "type": "Secret Keyword",
        "filename": "scripts/backfill_nyu_who_its_for.py",
        "hashed_secret": "d4cdb5e4544ee9eceacfb2c10914f595cdce3a92",
        "is_verified": false,
        "line_number": 31
      }
    ],
    "scripts/bulk_add_nyu_programs.py": [
      {
        "type": "Secret Keyword",
        "filename": "scripts/bulk_add_nyu_programs.py",
        "hashed_secret": "d4cdb5e4544ee9eceacfb2c10914f595cdce3a92",
        "is_verified": false,
        "line_number": 25
      }
    ],
    "scripts/enrich_nyu_all_employer_feedback.py": [
      {
        "type": "Secret Keyword",
        "filename": "scripts/enrich_nyu_all_employer_feedback.py",
        "hashed_secret": "d4cdb5e4544ee9eceacfb2c10914f595cdce3a92",
        "is_verified": false,
        "line_number": 42
      }
    ],
    "scripts/enrich_nyu_all_program_reviews.py": [
      {
        "type": "Secret Keyword",
        "filename": "scripts/enrich_nyu_all_program_reviews.py",
        "hashed_secret": "d4cdb5e4544ee9eceacfb2c10914f595cdce3a92",
        "is_verified": false,
        "line_number": 31
      }
    ],
    "scripts/enrich_nyu_employer_feedback.py": [
      {
        "type": "Secret Keyword",
        "filename": "scripts/enrich_nyu_employer_feedback.py",
        "hashed_secret": "d4cdb5e4544ee9eceacfb2c10914f595cdce3a92",
        "is_verified": false,
        "line_number": 32
      }
    ],
    "scripts/enrich_nyu_gaps.py": [
      {
        "type": "Secret Keyword",
        "filename": "scripts/enrich_nyu_gaps.py",
        "hashed_secret": "d4cdb5e4544ee9eceacfb2c10914f595cdce3a92",
        "is_verified": false,
        "line_number": 19
      }
    ],
    "scripts/enrich_nyu_institution_profile.py": [
      {
        "type": "Secret Keyword",
        "filename": "scripts/enrich_nyu_institution_profile.py",
        "hashed_secret": "d4cdb5e4544ee9eceacfb2c10914f595cdce3a92",
        "is_verified": false,
        "line_number": 30
      }
    ],
    "scripts/enrich_nyu_missing_fields.py": [
      {
        "type": "Secret Keyword",
        "filename": "scripts/enrich_nyu_missing_fields.py",
        "hashed_secret": "d4cdb5e4544ee9eceacfb2c10914f595cdce3a92",
        "is_verified": false,
        "line_number": 33
      }
    ],
    "scripts/enrich_nyu_program_reviews.py": [
      {
        "type": "Secret Keyword",
        "filename": "scripts/enrich_nyu_program_reviews.py",
        "hashed_secret": "d4cdb5e4544ee9eceacfb2c10914f595cdce3a92",
        "is_verified": false,
        "line_number": 26
      }
    ],
    "scripts/enrich_universities.py": [
      {
        "type": "Basic Auth Credentials",
        "filename": "scripts/enrich_universities.py",
        "hashed_secret": "d25bc1537fd3a3a68546d88f7f74157dab0055f0",
        "is_verified": false,
        "line_number": 163
      }
    ],
    "scripts/fill_dev_student_profile.py": [
      {
        "type": "Secret Keyword",
        "filename": "scripts/fill_dev_student_profile.py",
        "hashed_secret": "d4cdb5e4544ee9eceacfb2c10914f595cdce3a92",
        "is_verified": false,
        "line_number": 27
      }
    ],
    "scripts/rebuild_nyu.py": [
      {
        "type": "Secret Keyword",
        "filename": "scripts/rebuild_nyu.py",
        "hashed_secret": "d4cdb5e4544ee9eceacfb2c10914f595cdce3a92",
        "is_verified": false,
        "line_number": 18
      }
    ],
    "scripts/rebuild_nyu_v2.py": [
      {
        "type": "Secret Keyword",
        "filename": "scripts/rebuild_nyu_v2.py",
        "hashed_secret": "d4cdb5e4544ee9eceacfb2c10914f595cdce3a92",
        "is_verified": false,
        "line_number": 35
      }
    ],
    "unipaith-backend/.env.example": [
      {
        "type": "Basic Auth Credentials",
        "filename": "unipaith-backend/.env.example",
        "hashed_secret": "d25bc1537fd3a3a68546d88f7f74157dab0055f0",
        "is_verified": false,
        "line_number": 7
      }
    ],
    "unipaith-backend/alembic.ini": [
      {
        "type": "Basic Auth Credentials",
        "filename": "unipaith-backend/alembic.ini",
        "hashed_secret": "d25bc1537fd3a3a68546d88f7f74157dab0055f0",
        "is_verified": false,
        "line_number": 4
      }
    ],
    "unipaith-backend/alembic/versions/0789102fcf9e_merge_intake_rounds_and_missing_model_.py": [
      {
        "type": "Hex High Entropy String",
        "filename": "unipaith-backend/alembic/versions/0789102fcf9e_merge_intake_rounds_and_missing_model_.py",
        "hashed_secret": "0bb4c4014a8d81e9ed5fcecf1bbef5339466e3c4",
        "is_verified": false,
        "line_number": 15
      }
    ],
    "unipaith-backend/alembic/versions/0ebebb7c82a4_drop_redundant_ix_pipeline_configs_key_.py": [
      {
        "type": "Hex High Entropy String",
        "filename": "unipaith-backend/alembic/versions/0ebebb7c82a4_drop_redundant_ix_pipeline_configs_key_.py",
        "hashed_secret": "a767f589a10d4ea210e45e69d9756ae2933ef65e",
        "is_verified": false,
        "line_number": 15
      }
    ],
    "unipaith-backend/alembic/versions/1b4651702328_add_missing_model_columns.py": [
      {
        "type": "Hex High Entropy String",
        "filename": "unipaith-backend/alembic/versions/1b4651702328_add_missing_model_columns.py",
        "hashed_secret": "a42068d03328228a86665c2dcc55a4485848e09f",
        "is_verified": false,
        "line_number": 15
      }
    ],
    "unipaith-backend/alembic/versions/1df92271d348_add_student_research.py": [
      {
        "type": "Hex High Entropy String",
        "filename": "unipaith-backend/alembic/versions/1df92271d348_add_student_research.py",
        "hashed_secret": "e65ebff63a2e96805c0948c64f75be1b2475765d",
        "is_verified": false,
        "line_number": 15
      }
    ],
    "unipaith-backend/alembic/versions/2a5f8c1d9e3b_reviews_external_source.py": [
      {
        "type": "Hex High Entropy String",
        "filename": "unipaith-backend/alembic/versions/2a5f8c1d9e3b_reviews_external_source.py",
        "hashed_secret": "ebc8f6328dc57eb669c959f77c33aed5a08d07f8",
        "is_verified": false,
        "line_number": 21
      }
    ],
    "unipaith-backend/alembic/versions/376b5ff064cd_add_recommendation_requests_table.py": [
      {
        "type": "Hex High Entropy String",
        "filename": "unipaith-backend/alembic/versions/376b5ff064cd_add_recommendation_requests_table.py",
        "hashed_secret": "8fa4ca7263d2d94beab07e25b0c95c7d1150775f",
        "is_verified": false,
        "line_number": 15
      }
    ],
    "unipaith-backend/alembic/versions/3b8d4e2f7a1c_package_a_student_schema_extension.py": [
      {
        "type": "Hex High Entropy String",
        "filename": "unipaith-backend/alembic/versions/3b8d4e2f7a1c_package_a_student_schema_extension.py",
        "hashed_secret": "0846a1f111cb15f85c1faf80902c3618767b7b30",
        "is_verified": false,
        "line_number": 47
      },
      {
        "type": "Hex High Entropy String",
        "filename": "unipaith-backend/alembic/versions/3b8d4e2f7a1c_package_a_student_schema_extension.py",
        "hashed_secret": "ebc8f6328dc57eb669c959f77c33aed5a08d07f8",
        "is_verified": false,
        "line_number": 48
      }
    ],
    "unipaith-backend/alembic/versions/43c8297c43fa_add_student_program_reviews.py": [
      {
        "type": "Hex High Entropy String",
        "filename": "unipaith-backend/alembic/versions/43c8297c43fa_add_student_program_reviews.py",
        "hashed_secret": "d7354572efbbdd6baa29c2bf37bd9cc3e2bfec40",
        "is_verified": false,
        "line_number": 15
      }
    ],
    "unipaith-backend/alembic/versions/481c4c6a2b99_add_student_languages.py": [
      {
        "type": "Hex High Entropy String",
        "filename": "unipaith-backend/alembic/versions/481c4c6a2b99_add_student_languages.py",
        "hashed_secret": "16d468856fbcc49a0f434d33d1188c2f24426281",
        "is_verified": false,
        "line_number": 15
      }
    ],
    "unipaith-backend/alembic/versions/4c9d6e1a8b3f_add_review_employer_dimensions.py": [
      {
        "type": "Hex High Entropy String",
        "filename": "unipaith-backend/alembic/versions/4c9d6e1a8b3f_add_review_employer_dimensions.py",
        "hashed_secret": "c7f2a10acd97cb7ad38afd4dd6386a8e01863d69",
        "is_verified": false,
        "line_number": 21
      },
      {
        "type": "Hex High Entropy String",
        "filename": "unipaith-backend/alembic/versions/4c9d6e1a8b3f_add_review_employer_dimensions.py",
        "hashed_secret": "0846a1f111cb15f85c1faf80902c3618767b7b30",
        "is_verified": false,
        "line_number": 22
      }
    ],
    "unipaith-backend/alembic/versions/51c72506f2d4_add_employer_feedback.py": [
      {
        "type": "Hex High Entropy String",
        "filename": "unipaith-backend/alembic/versions/51c72506f2d4_add_employer_feedback.py",
        "hashed_secret": "ab3745c21538fb8f50545d2916fb575d1b4225e1",
        "is_verified": false,
        "line_number": 15
      }
    ],
    "unipaith-backend/alembic/versions/5690fbaea71f_merge_heads_4.py": [
      {
        "type": "Hex High Entropy String",
        "filename": "unipaith-backend/alembic/versions/5690fbaea71f_merge_heads_4.py",
        "hashed_secret": "5b7098cb21b2d4d1a6912d945c8cf1fbbb195195",
        "is_verified": false,
        "line_number": 15
      }
    ],
    "unipaith-backend/alembic/versions/7fa321c6e551_add_conversation_sessions_table.py": [
      {
        "type": "Hex High Entropy String",
        "filename": "unipaith-backend/alembic/versions/7fa321c6e551_add_conversation_sessions_table.py",
        "hashed_secret": "dd4caf736565655ae4a544644317a791f8ff2787",
        "is_verified": false,
        "line_number": 15
      }
    ],
    "unipaith-backend/alembic/versions/89920187e2c6_add_institution_detail_fields.py": [
      {
        "type": "Hex High Entropy String",
        "filename": "unipaith-backend/alembic/versions/89920187e2c6_add_institution_detail_fields.py",
        "hashed_secret": "a2b40ab43a4f16ae719bdf2de03b6d04b2643a9a",
        "is_verified": false,
        "line_number": 15
      }
    ],
    "unipaith-backend/alembic/versions/98618e712bf8_add_student_online_presence.py": [
      {
        "type": "Hex High Entropy String",
        "filename": "unipaith-backend/alembic/versions/98618e712bf8_add_student_online_presence.py",
        "hashed_secret": "385fc50160257430aaee461752e443b806fa75c5",
        "is_verified": false,
        "line_number": 15
      }
    ],
    "unipaith-backend/alembic/versions/9f2b1d3c4a10_add_admin_audit_events_table.py": [
      {
        "type": "Hex High Entropy String",
        "filename": "unipaith-backend/alembic/versions/9f2b1d3c4a10_add_admin_audit_events_table.py",
        "hashed_secret": "8e6e310fa762c21a0597411fde7c12d27468dfed",
        "is_verified": false,
        "line_number": 16
      }
    ],
    "unipaith-backend/alembic/versions/a1b2c3d4e5f6_add_institution_datasets.py": [
      {
        "type": "Hex High Entropy String",
        "filename": "unipaith-backend/alembic/versions/a1b2c3d4e5f6_add_institution_datasets.py",
        "hashed_secret": "ef678205593788329ff416ce5c65fa04f33a05bd",
        "is_verified": false,
        "line_number": 11
      },
      {
        "type": "Hex High Entropy String",
        "filename": "unipaith-backend/alembic/versions/a1b2c3d4e5f6_add_institution_datasets.py",
        "hashed_secret": "3dbda044d53c869a765e12932a7f36e4efd28f8b",
        "is_verified": false,
        "line_number": 12
      }
    ],
    "unipaith-backend/alembic/versions/b2c3d4e5f6g7_add_institution_posts.py": [
      {
        "type": "Hex High Entropy String",
        "filename": "unipaith-backend/alembic/versions/b2c3d4e5f6g7_add_institution_posts.py",
        "hashed_secret": "ef678205593788329ff416ce5c65fa04f33a05bd",
        "is_verified": false,
        "line_number": 12
      }
    ],
    "unipaith-backend/alembic/versions/b8d4e2a1c9f0_add_training_run_metadata_fields.py": [
      {
        "type": "Hex High Entropy String",
        "filename": "unipaith-backend/alembic/versions/b8d4e2a1c9f0_add_training_run_metadata_fields.py",
        "hashed_secret": "e3accc3ad46ffcdf5a3e88ff1bf74accb34fa2b9",
        "is_verified": false,
        "line_number": 15
      }
    ],
    "unipaith-backend/alembic/versions/c3a7f9e1d502_add_knowledge_engine_tables.py": [
      {
        "type": "Hex High Entropy String",
        "filename": "unipaith-backend/alembic/versions/c3a7f9e1d502_add_knowledge_engine_tables.py",
        "hashed_secret": "35a869544edfa3e91da3b07adf80eac3beee12c6",
        "is_verified": false,
        "line_number": 14
      }
    ],
    "unipaith-backend/alembic/versions/c461832c7e39_merge_alembic_heads.py": [
      {
        "type": "Hex High Entropy String",
        "filename": "unipaith-backend/alembic/versions/c461832c7e39_merge_alembic_heads.py",
        "hashed_secret": "b4fd48a14d2b4b2d7307ce01079b75c14b6d08bd",
        "is_verified": false,
        "line_number": 15
      }
    ],
    "unipaith-backend/alembic/versions/cce471db5933_add_student_accommodations.py": [
      {
        "type": "Hex High Entropy String",
        "filename": "unipaith-backend/alembic/versions/cce471db5933_add_student_accommodations.py",
        "hashed_secret": "3dbda044d53c869a765e12932a7f36e4efd28f8b",
        "is_verified": false,
        "line_number": 15
      }
    ],
    "unipaith-backend/alembic/versions/cce4d85f1147_add_student_portfolio_items.py": [
      {
        "type": "Hex High Entropy String",
        "filename": "unipaith-backend/alembic/versions/cce4d85f1147_add_student_portfolio_items.py",
        "hashed_secret": "518d41745ea211bc99365bc566a4be3eedf59561",
        "is_verified": false,
        "line_number": 15
      }
    ],
    "unipaith-backend/alembic/versions/d4e8a2b1c901_seed_default_heuristic_model.py": [
      {
        "type": "Hex High Entropy String",
        "filename": "unipaith-backend/alembic/versions/d4e8a2b1c901_seed_default_heuristic_model.py",
        "hashed_secret": "e85eab766c000d57fde7c634a79d235b951df60b",
        "is_verified": false,
        "line_number": 14
      },
      {
        "type": "Hex High Entropy String",
        "filename": "unipaith-backend/alembic/versions/d4e8a2b1c901_seed_default_heuristic_model.py",
        "hashed_secret": "35a869544edfa3e91da3b07adf80eac3beee12c6",
        "is_verified": false,
        "line_number": 15
      }
    ],
    "unipaith-backend/alembic/versions/d6cc531e526f_merge_heads.py": [
      {
        "type": "Hex High Entropy String",
        "filename": "unipaith-backend/alembic/versions/d6cc531e526f_merge_heads.py",
        "hashed_secret": "1517b77d40d99238e050f86b42c3c63c242e71be",
        "is_verified": false,
        "line_number": 15
      }
    ],
    "unipaith-backend/alembic/versions/e5f1a2b3c904_add_engine_loop_snapshot.py": [
      {
        "type": "Hex High Entropy String",
        "filename": "unipaith-backend/alembic/versions/e5f1a2b3c904_add_engine_loop_snapshot.py",
        "hashed_secret": "74a4543d898d92dbb042de6f9afdefb1307e51af",
        "is_verified": false,
        "line_number": 14
      },
      {
        "type": "Hex High Entropy String",
        "filename": "unipaith-backend/alembic/versions/e5f1a2b3c904_add_engine_loop_snapshot.py",
        "hashed_secret": "e85eab766c000d57fde7c634a79d235b951df60b",
        "is_verified": false,
        "line_number": 15
      }
    ],
    "unipaith-backend/alembic/versions/m3n4o5p6q7r8_bridge_alias.py": [
      {
        "type": "Hex High Entropy String",
        "filename": "unipaith-backend/alembic/versions/m3n4o5p6q7r8_bridge_alias.py",
        "hashed_secret": "b4fd48a14d2b4b2d7307ce01079b75c14b6d08bd",
        "is_verified": false,
        "line_number": 24
      }
    ],
    "unipaith-backend/docker-compose.yml": [
      {
        "type": "Secret Keyword",
        "filename": "unipaith-backend/docker-compose.yml",
        "hashed_secret": "d25bc1537fd3a3a68546d88f7f74157dab0055f0",
        "is_verified": false,
        "line_number": 7
      }
    ],
    "unipaith-backend/src/unipaith/config.py": [
      {
        "type": "Basic Auth Credentials",
        "filename": "unipaith-backend/src/unipaith/config.py",
        "hashed_secret": "d25bc1537fd3a3a68546d88f7f74157dab0055f0",
        "is_verified": false,
        "line_number": 24
      }
    ],
    "unipaith-backend/tests/test_auth.py": [
      {
        "type": "Secret Keyword",
        "filename": "unipaith-backend/tests/test_auth.py",
        "hashed_secret": "faf641eaf23fb7820bed028e658701c458991135",
        "is_verified": false,
        "line_number": 11
      },
      {
        "type": "Secret Keyword",
        "filename": "unipaith-backend/tests/test_auth.py",
        "hashed_secret": "a0f4ea7d91495df92bbac2e2149dfb850fe81396",
        "is_verified": false,
        "line_number": 55
      },
      {
        "type": "Secret Keyword",
        "filename": "unipaith-backend/tests/test_auth.py",
        "hashed_secret": "af73c586f66fdc99abf1eadb2b71c5e46c80c24a",
        "is_verified": false,
        "line_number": 114
      }
    ]
  },
  "generated_at": "2026-04-30T00:52:58Z"
}
