{
  "version": "1.5.0",
  "plugins_used": [
    {
      "name": "ArtifactoryDetector"
    },
    {
      "name": "AWSKeyDetector"
    },
    {
      "name": "AzureStorageKeyDetector"
    },
    {
      "name": "Base64HighEntropyString",
      "limit": 4.5
    },
    {
      "name": "BasicAuthDetector"
    },
    {
      "name": "CloudantDetector"
    },
    {
      "name": "DiscordBotTokenDetector"
    },
    {
      "name": "GitHubTokenDetector"
    },
    {
      "name": "GitLabTokenDetector"
    },
    {
      "name": "HexHighEntropyString",
      "limit": 3.0
    },
    {
      "name": "IbmCloudIamDetector"
    },
    {
      "name": "IbmCosHmacDetector"
    },
    {
      "name": "IPPublicDetector"
    },
    {
      "name": "JwtTokenDetector"
    },
    {
      "name": "KeywordDetector",
      "keyword_exclude": ""
    },
    {
      "name": "MailchimpDetector"
    },
    {
      "name": "NpmDetector"
    },
    {
      "name": "OpenAIDetector"
    },
    {
      "name": "PrivateKeyDetector"
    },
    {
      "name": "PypiTokenDetector"
    },
    {
      "name": "SendGridDetector"
    },
    {
      "name": "SlackDetector"
    },
    {
      "name": "SoftlayerDetector"
    },
    {
      "name": "SquareOAuthDetector"
    },
    {
      "name": "StripeDetector"
    },
    {
      "name": "TelegramBotTokenDetector"
    },
    {
      "name": "TwilioKeyDetector"
    }
  ],
  "filters_used": [
    {
      "path": "detect_secrets.filters.allowlist.is_line_allowlisted"
    },
    {
      "path": "detect_secrets.filters.common.is_ignored_due_to_verification_policies",
      "min_level": 2
    },
    {
      "path": "detect_secrets.filters.heuristic.is_indirect_reference"
    },
    {
      "path": "detect_secrets.filters.heuristic.is_likely_id_string"
    },
    {
      "path": "detect_secrets.filters.heuristic.is_lock_file"
    },
    {
      "path": "detect_secrets.filters.heuristic.is_not_alphanumeric_string"
    },
    {
      "path": "detect_secrets.filters.heuristic.is_potential_uuid"
    },
    {
      "path": "detect_secrets.filters.heuristic.is_prefixed_with_dollar_sign"
    },
    {
      "path": "detect_secrets.filters.heuristic.is_sequential_string"
    },
    {
      "path": "detect_secrets.filters.heuristic.is_swagger_file"
    },
    {
      "path": "detect_secrets.filters.heuristic.is_templated_secret"
    },
    {
      "path": "detect_secrets.filters.regex.should_exclude_file",
      "pattern": [
        "package-lock\\.json|\\.env\\.example|node_modules|\\.venv"
      ]
    }
  ],
  "results": {
    ".github/workflows/deploy-backend.yml": [
      {
        "type": "Secret Keyword",
        "filename": ".github/workflows/deploy-backend.yml",
        "hashed_secret": "d25bc1537fd3a3a68546d88f7f74157dab0055f0",
        "is_verified": false,
        "line_number": 29
      },
      {
        "type": "Secret Keyword",
        "filename": ".github/workflows/deploy-backend.yml",
        "hashed_secret": "0c9f10480ff4b865b764f8a3356d88059bc6ad06",
        "is_verified": false,
        "line_number": 48
      },
      {
        "type": "Basic Auth Credentials",
        "filename": ".github/workflows/deploy-backend.yml",
        "hashed_secret": "d25bc1537fd3a3a68546d88f7f74157dab0055f0",
        "is_verified": false,
        "line_number": 53
      }
    ],
    "Instructions/Phase1/01_project_scaffolding.md": [
      {
        "type": "Basic Auth Credentials",
        "filename": "Instructions/Phase1/01_project_scaffolding.md",
        "hashed_secret": "d25bc1537fd3a3a68546d88f7f74157dab0055f0",
        "is_verified": false,
        "line_number": 168
      }
    ],
    "unipaith-backend/alembic.ini": [
      {
        "type": "Basic Auth Credentials",
        "filename": "unipaith-backend/alembic.ini",
        "hashed_secret": "d25bc1537fd3a3a68546d88f7f74157dab0055f0",
        "is_verified": false,
        "line_number": 4
      }
    ],
    "unipaith-backend/docker-compose.yml": [
      {
        "type": "Secret Keyword",
        "filename": "unipaith-backend/docker-compose.yml",
        "hashed_secret": "d25bc1537fd3a3a68546d88f7f74157dab0055f0",
        "is_verified": false,
        "line_number": 7
      }
    ],
    "unipaith-backend/src/unipaith/ai/embedding_client.py": [
      {
        "type": "Secret Keyword",
        "filename": "unipaith-backend/src/unipaith/ai/embedding_client.py",
        "hashed_secret": "b5c2827eb65bf13b87130e7e3c424ba9ff07cd67",
        "is_verified": false,
        "line_number": 60
      }
    ],
    "unipaith-backend/src/unipaith/ai/llm_client.py": [
      {
        "type": "Secret Keyword",
        "filename": "unipaith-backend/src/unipaith/ai/llm_client.py",
        "hashed_secret": "b5c2827eb65bf13b87130e7e3c424ba9ff07cd67",
        "is_verified": false,
        "line_number": 77
      }
    ],
    "unipaith-backend/src/unipaith/config.py": [
      {
        "type": "Basic Auth Credentials",
        "filename": "unipaith-backend/src/unipaith/config.py",
        "hashed_secret": "d25bc1537fd3a3a68546d88f7f74157dab0055f0",
        "is_verified": false,
        "line_number": 24
      }
    ],
    "unipaith-backend/tests/test_auth.py": [
      {
        "type": "Secret Keyword",
        "filename": "unipaith-backend/tests/test_auth.py",
        "hashed_secret": "faf641eaf23fb7820bed028e658701c458991135",
        "is_verified": false,
        "line_number": 9
      },
      {
        "type": "Secret Keyword",
        "filename": "unipaith-backend/tests/test_auth.py",
        "hashed_secret": "a0f4ea7d91495df92bbac2e2149dfb850fe81396",
        "is_verified": false,
        "line_number": 44
      },
      {
        "type": "Secret Keyword",
        "filename": "unipaith-backend/tests/test_auth.py",
        "hashed_secret": "af73c586f66fdc99abf1eadb2b71c5e46c80c24a",
        "is_verified": false,
        "line_number": 86
      }
    ]
  },
  "generated_at": "2026-03-31T20:53:05Z"
}
